---
source: integration_tests/main.rs
assertion_line: 78
expression: stdout
---
Hello from inner class
