---
source: integration_tests/main.rs
assertion_line: 68
expression: stdout
---
[1, 2, 3, 4, 5, 6, 7, 8, 9, 10]
