---
source: integration_tests/main.rs
expression: stdout
---
The answer to life, the universe and everything is: 42
